  Определение проектов для восстановления...
  Все проекты обновлены для восстановления.
